../Drivers/CMSIS/Include/core_cm4.h:2064:26:ITM_SendChar	16	static,ignoring_inline_asm
../Core/Src/main.c:54:5:_write	32	static
../Core/Src/main.c:116:5:main	8	static
../Core/Src/main.c:218:6:SystemClock_Config	88	static
../Core/Src/main.c:271:13:MX_CRC_Init	8	static
../Core/Src/main.c:297:13:MX_I2C1_Init	8	static
../Core/Src/main.c:345:13:MX_I2C2_Init	8	static
../Core/Src/main.c:393:13:MX_I2S2_Init	8	static
../Core/Src/main.c:427:13:MX_SPI1_Init	8	static
../Core/Src/main.c:465:13:MX_TIM2_Init	32	static
../Core/Src/main.c:508:13:MX_DMA_Init	16	static
../Core/Src/main.c:526:13:MX_GPIO_Init	48	static
../Core/Src/main.c:595:6:HAL_TIM_PeriodElapsedCallback	16	static
../Core/Src/main.c:606:6:HAL_GPIO_EXTI_Callback	16	static,ignoring_inline_asm
../Core/Src/main.c:670:6:Error_Handler	4	static,ignoring_inline_asm
